Invalid args
 